// Jest Snapshot v1, https://goo.gl/fbAQLP

exports[`Test _cancelButton renders correctly 1`] = `
<RCTScrollView
  style={
    Object {
      "backgroundColor": "white",
    }
  }
>
  <View>
    <View
      style={
        Object {
          "flex": 1,
          "flexDirection": "column",
          "margin": 0,
          "padding": 0,
          "width": "100%",
        }
      }
    >
      <Image
        source={
          Object {
            "uri": "http://www.piniswiss.com/wp-content/uploads/2013/05/image-not-found-4a963b95bf081c3ea02923dceaeb3f8085e1a654fc54840aac61a57a60903fef-300x199.png",
          }
        }
        style={
          Object {
            "height": 210,
            "width": "100%",
          }
        }
      />
      <View
        style={
          Object {
            "flexDirection": "row",
            "paddingLeft": 10,
          }
        }
      >
        <View
          style={
            Object {
              "flexDirection": "column",
              "width": "70%",
            }
          }
        >
          <Text
            accessible={true}
            allowFontScaling={true}
            ellipsizeMode="tail"
            style={
              Object {
                "fontSize": 25,
              }
            }
          >
            This is a product name
          </Text>
          <Text
            accessible={true}
            allowFontScaling={true}
            ellipsizeMode="tail"
            style={
              Object {
                "fontSize": 20,
              }
            }
          >
            R$ 
            127.99
          </Text>
        </View>
        <View
          style={
            Object {
              "flexDirection": "column",
              "width": "30%",
            }
          }
        >
          <Text
            accessible={true}
            allowFontScaling={true}
            ellipsizeMode="tail"
            style={
              Object {
                "fontSize": 12,
              }
            }
          >
            Quantidade
          </Text>
          <Text
            accessible={true}
            allowFontScaling={true}
            ellipsizeMode="tail"
            style={
              Object {
                "fontSize": 16,
              }
            }
          >
            1
          </Text>
        </View>
      </View>
      <View
        style={
          Object {
            "flexDirection": "column",
            "paddingLeft": 10,
          }
        }
      >
        <View
          style={
            Object {
              "alignItems": "flex-end",
              "flexDirection": "row",
              "height": 70,
              "marginTop": 10,
              "width": "100%",
            }
          }
        >
          <Image
            source={
              Object {
                "uri": "https://fosterautogroup.com/dist/img/nophoto.jpg",
              }
            }
            style={
              Object {
                "borderRadius": 25,
                "height": 50,
                "margin": 10,
                "width": 50,
              }
            }
          />
          <Text
            accessible={true}
            allowFontScaling={true}
            ellipsizeMode="tail"
            style={
              Object {
                "paddingBottom": 10,
              }
            }
          >
            
          </Text>
        </View>
        <View
          style={
            Object {
              "height": 10,
            }
          }
        />
        <Text
          accessible={true}
          allowFontScaling={true}
          ellipsizeMode="tail"
          style={
            Object {
              "color": "#5A5A5A",
              "fontSize": 16,
            }
          }
        >
          This is a buyer message
        </Text>
        <View
          style={
            Object {
              "height": 50,
            }
          }
        />
      </View>
      <View
        style={
          Object {
            "flexDirection": "row",
            "justifyContent": "space-around",
            "paddingBottom": 10,
          }
        }
      >
        <View
          accessibilityComponentType={undefined}
          accessibilityLabel={undefined}
          accessibilityTraits={undefined}
          accessible={true}
          collapsable={undefined}
          hasTVPreferredFocus={undefined}
          hitSlop={undefined}
          isTVSelectable={true}
          nativeID={undefined}
          onLayout={undefined}
          onResponderGrant={[Function]}
          onResponderMove={[Function]}
          onResponderRelease={[Function]}
          onResponderTerminate={[Function]}
          onResponderTerminationRequest={[Function]}
          onStartShouldSetResponder={[Function]}
          style={
            Object {
              "alignItems": "center",
              "alignSelf": "flex-start",
              "backgroundColor": "#007aff",
              "borderBottomWidth": null,
              "borderColor": "#007aff",
              "borderLeftWidth": null,
              "borderRadius": 5,
              "borderRightWidth": null,
              "borderTopWidth": null,
              "borderWidth": undefined,
              "elevation": 2,
              "flexDirection": "column",
              "height": 40,
              "justifyContent": "center",
              "opacity": 1,
              "paddingBottom": 6,
              "paddingTop": 6,
              "shadowColor": undefined,
              "shadowOffset": undefined,
              "shadowOpacity": undefined,
              "shadowRadius": undefined,
              "width": 100,
            }
          }
          testID={undefined}
          tvParallaxProperties={undefined}
        >
          <Text
            accessible={true}
            allowFontScaling={true}
            ellipsizeMode="tail"
            style={
              Object {
                "color": "white",
              }
            }
          >
             CANCELAR 
          </Text>
          <Text
            accessible={true}
            allowFontScaling={true}
            ellipsizeMode="tail"
            style={
              Object {
                "color": "white",
              }
            }
          >
             PEDIDO 
          </Text>
        </View>
        <View
          accessibilityComponentType={undefined}
          accessibilityLabel={undefined}
          accessibilityTraits={undefined}
          accessible={true}
          collapsable={undefined}
          hasTVPreferredFocus={undefined}
          hitSlop={undefined}
          isTVSelectable={true}
          nativeID={undefined}
          onLayout={undefined}
          onResponderGrant={[Function]}
          onResponderMove={[Function]}
          onResponderRelease={[Function]}
          onResponderTerminate={[Function]}
          onResponderTerminationRequest={[Function]}
          onStartShouldSetResponder={[Function]}
          style={
            Object {
              "alignItems": "center",
              "alignSelf": "flex-start",
              "backgroundColor": "#5cb85c",
              "borderBottomWidth": null,
              "borderColor": "#007aff",
              "borderLeftWidth": null,
              "borderRadius": 5,
              "borderRightWidth": null,
              "borderTopWidth": null,
              "borderWidth": undefined,
              "elevation": 2,
              "flexDirection": "column",
              "height": 40,
              "justifyContent": "center",
              "opacity": 1,
              "paddingBottom": 6,
              "paddingTop": 6,
              "shadowColor": undefined,
              "shadowOffset": undefined,
              "shadowOpacity": undefined,
              "shadowRadius": undefined,
              "width": 100,
            }
          }
          testID={undefined}
          tvParallaxProperties={undefined}
        >
          <Text
            accessible={true}
            allowFontScaling={true}
            ellipsizeMode="tail"
            style={
              Object {
                "color": "white",
              }
            }
          >
            ATENDIDO
          </Text>
        </View>
      </View>
    </View>
  </View>
</RCTScrollView>
`;
